CRITICAL - 2026-06-17 07:48:27 --> ErrorException: Undefined variable $caisses
[Method: GET, Route: home]
in APPPATH/Views/PageAccueuil.php on line 95.
 1 APPPATH/Views/PageAccueuil.php(95): CodeIgniter\Debug\Exceptions->errorHandler()
 2 SYSTEMPATH/View/View.php(240): include('/home/zenoh/Bureau/Caisse/Caisse/app/Views/PageAccueuil.php')
 3 SYSTEMPATH/View/View.php(243): CodeIgniter\View\View->CodeIgniter\View\{closure}()
 4 SYSTEMPATH/Common.php(1250): CodeIgniter\View\View->render()
 5 APPPATH/Controllers/Home.php(28): view()
 6 SYSTEMPATH/CodeIgniter.php(951): App\Controllers\Home->accueuil()
 7 SYSTEMPATH/CodeIgniter.php(497): CodeIgniter\CodeIgniter->runController()
 8 SYSTEMPATH/CodeIgniter.php(340): CodeIgniter\CodeIgniter->handleRequest()
 9 SYSTEMPATH/Boot.php(417): CodeIgniter\CodeIgniter->run()
10 SYSTEMPATH/Boot.php(68): CodeIgniter\Boot::runCodeIgniter()
11 FCPATH/index.php(59): CodeIgniter\Boot::bootWeb()
12 SYSTEMPATH/rewrite.php(44): require_once('/home/zenoh/Bureau/Caisse/Caisse/public/index.php')
CRITICAL - 2026-06-17 07:48:27 --> ErrorException: Undefined variable $caisses
[Method: GET, Route: home]
in APPPATH/Views/PageAccueuil.php on line 95.
 1 APPPATH/Views/PageAccueuil.php(95): CodeIgniter\Debug\Exceptions->errorHandler()
 2 SYSTEMPATH/View/View.php(240): include('/home/zenoh/Bureau/Caisse/Caisse/app/Views/PageAccueuil.php')
 3 SYSTEMPATH/View/View.php(243): CodeIgniter\View\View->CodeIgniter\View\{closure}()
 4 SYSTEMPATH/Common.php(1250): CodeIgniter\View\View->render()
 5 APPPATH/Controllers/Home.php(28): view()
 6 SYSTEMPATH/CodeIgniter.php(951): App\Controllers\Home->accueuil()
 7 SYSTEMPATH/CodeIgniter.php(497): CodeIgniter\CodeIgniter->runController()
 8 SYSTEMPATH/CodeIgniter.php(340): CodeIgniter\CodeIgniter->handleRequest()
 9 SYSTEMPATH/Boot.php(417): CodeIgniter\CodeIgniter->run()
10 SYSTEMPATH/Boot.php(68): CodeIgniter\Boot::runCodeIgniter()
11 FCPATH/index.php(59): CodeIgniter\Boot::bootWeb()
12 SYSTEMPATH/rewrite.php(44): require_once('/home/zenoh/Bureau/Caisse/Caisse/public/index.php')
CRITICAL - 2026-06-17 07:48:32 --> ErrorException: Undefined variable $caisses
[Method: GET, Route: home]
in APPPATH/Views/PageAccueuil.php on line 95.
 1 APPPATH/Views/PageAccueuil.php(95): CodeIgniter\Debug\Exceptions->errorHandler()
 2 SYSTEMPATH/View/View.php(240): include('/home/zenoh/Bureau/Caisse/Caisse/app/Views/PageAccueuil.php')
 3 SYSTEMPATH/View/View.php(243): CodeIgniter\View\View->CodeIgniter\View\{closure}()
 4 SYSTEMPATH/Common.php(1250): CodeIgniter\View\View->render()
 5 APPPATH/Controllers/Home.php(28): view()
 6 SYSTEMPATH/CodeIgniter.php(951): App\Controllers\Home->accueuil()
 7 SYSTEMPATH/CodeIgniter.php(497): CodeIgniter\CodeIgniter->runController()
 8 SYSTEMPATH/CodeIgniter.php(340): CodeIgniter\CodeIgniter->handleRequest()
 9 SYSTEMPATH/Boot.php(417): CodeIgniter\CodeIgniter->run()
10 SYSTEMPATH/Boot.php(68): CodeIgniter\Boot::runCodeIgniter()
11 FCPATH/index.php(59): CodeIgniter\Boot::bootWeb()
12 SYSTEMPATH/rewrite.php(44): require_once('/home/zenoh/Bureau/Caisse/Caisse/public/index.php')
